__ALL__: 518 B
  <self>: 274 B
  slash: 244 B
    <self>: 244 B
